Simulator report for proj1
Fri Nov 01 11:04:06 2019
Quartus II Version 9.1 Build 350 03/24/2010 Service Pack 2 SJ Web Edition


---------------------
; Table of Contents ;
---------------------
  1. Legal Notice
  2. Simulator Summary
  3. Simulator Settings
  4. Simulation Waveforms
  5. |proj1|rom_1:inst|altsyncram:altsyncram_component|altsyncram_n981:auto_generated|ALTSYNCRAM
  6. |proj1|processamento:inst24|rom_state:inst6|altsyncram:altsyncram_component|altsyncram_a171:auto_generated|ALTSYNCRAM
  7. Coverage Summary
  8. Complete 1/0-Value Coverage
  9. Missing 1-Value Coverage
 10. Missing 0-Value Coverage
 11. Simulator INI Usage
 12. Simulator Messages



----------------
; Legal Notice ;
----------------
Copyright (C) 1991-2010 Altera Corporation
Your use of Altera Corporation's design tools, logic functions 
and other software and tools, and its AMPP partner logic 
functions, and any output files from any of the foregoing 
(including device programming or simulation files), and any 
associated documentation or information are expressly subject 
to the terms and conditions of the Altera Program License 
Subscription Agreement, Altera MegaCore Function License 
Agreement, or other applicable license agreement, including, 
without limitation, that your use is for the sole purpose of 
programming logic devices manufactured by Altera and sold by 
Altera or its authorized distributors.  Please refer to the 
applicable agreement for further details.



+-------------------+
; Simulator Summary ;
+------+------------+
; Type ; Value      ;
+------+------------+


+-----------------------------------------------------------------------------------------------------------------------------------------------------------------------+
; Simulator Settings                                                                                                                                                    ;
+--------------------------------------------------------------------------------------------+----------------------------------------------------------+---------------+
; Option                                                                                     ; Setting                                                  ; Default Value ;
+--------------------------------------------------------------------------------------------+----------------------------------------------------------+---------------+
; Simulation mode                                                                            ; Timing                                                   ; Timing        ;
; Start time                                                                                 ; 0 ns                                                     ; 0 ns          ;
; Simulation results format                                                                  ; CVWF                                                     ;               ;
; Vector input source                                                                        ; C:/Users/bruno/OneDrive/Desktop/SD/projeto1/Waveform.vwf ;               ;
; Add pins automatically to simulation output waveforms                                      ; On                                                       ; On            ;
; Check outputs                                                                              ; Off                                                      ; Off           ;
; Report simulation coverage                                                                 ; On                                                       ; On            ;
; Display complete 1/0 value coverage report                                                 ; On                                                       ; On            ;
; Display missing 1-value coverage report                                                    ; On                                                       ; On            ;
; Display missing 0-value coverage report                                                    ; On                                                       ; On            ;
; Detect setup and hold time violations                                                      ; Off                                                      ; Off           ;
; Detect glitches                                                                            ; Off                                                      ; Off           ;
; Disable timing delays in Timing Simulation                                                 ; Off                                                      ; Off           ;
; Generate Signal Activity File                                                              ; Off                                                      ; Off           ;
; Generate VCD File for PowerPlay Power Analyzer                                             ; Off                                                      ; Off           ;
; Group bus channels in simulation results                                                   ; Off                                                      ; Off           ;
; Preserve fewer signal transitions to reduce memory requirements                            ; On                                                       ; On            ;
; Trigger vector comparison with the specified mode                                          ; INPUT_EDGE                                               ; INPUT_EDGE    ;
; Disable setup and hold time violations detection in input registers of bi-directional pins ; Off                                                      ; Off           ;
; Overwrite Waveform Inputs With Simulation Outputs                                          ; Off                                                      ;               ;
; Perform Glitch Filtering in Timing Simulation                                              ; Auto                                                     ; Auto          ;
+--------------------------------------------------------------------------------------------+----------------------------------------------------------+---------------+


+----------------------+
; Simulation Waveforms ;
+----------------------+
Waveform report data cannot be output to ASCII.
Please use Quartus II to view the waveform report data.


+---------------------------------------------------------------------------------------------+
; |proj1|rom_1:inst|altsyncram:altsyncram_component|altsyncram_n981:auto_generated|ALTSYNCRAM ;
+---------------------------------------------------------------------------------------------+
Please refer to fitter text-based report (*.fit.rpt) to view logical memory report content in ASCII.


+-----------------------------------------------------------------------------------------------------------------------+
; |proj1|processamento:inst24|rom_state:inst6|altsyncram:altsyncram_component|altsyncram_a171:auto_generated|ALTSYNCRAM ;
+-----------------------------------------------------------------------------------------------------------------------+
Please refer to fitter text-based report (*.fit.rpt) to view logical memory report content in ASCII.


+------------------+
; Coverage Summary ;
+------+-----------+
; Type ; Value     ;
+------+-----------+


The following table displays output ports that toggle between 1 and 0 during simulation.
+-------------------------------------------------+
; Complete 1/0-Value Coverage                     ;
+-----------+------------------+------------------+
; Node Name ; Output Port Name ; Output Port Type ;
+-----------+------------------+------------------+


The following table displays output ports that do not toggle to 1 during simulation.
+-------------------------------------------------+
; Missing 1-Value Coverage                        ;
+-----------+------------------+------------------+
; Node Name ; Output Port Name ; Output Port Type ;
+-----------+------------------+------------------+


The following table displays output ports that do not toggle to 0 during simulation.
+-------------------------------------------------+
; Missing 0-Value Coverage                        ;
+-----------+------------------+------------------+
; Node Name ; Output Port Name ; Output Port Type ;
+-----------+------------------+------------------+


+---------------------+
; Simulator INI Usage ;
+--------+------------+
; Option ; Usage      ;
+--------+------------+


+--------------------+
; Simulator Messages ;
+--------------------+
Info: *******************************************************************
Info: Running Quartus II Simulator
    Info: Version 9.1 Build 350 03/24/2010 Service Pack 2 SJ Web Edition
    Info: Processing started: Fri Nov 01 11:04:05 2019
Info: Command: quartus_sim --read_settings_files=on --write_settings_files=off proj1 -c proj1
Info: Can't find specified vector source file "C:/Users/bruno/OneDrive/Desktop/SD/projeto1/Waveform.vwf"
Error: No valid vector source file specified and default file "C:/Users/Thiago/Desktop/Temp/projeto1a/proj1.cvwf" does not exist
Error: Quartus II Simulator was unsuccessful. 1 error, 0 warnings
    Error: Peak virtual memory: 178 megabytes
    Error: Processing ended: Fri Nov 01 11:04:06 2019
    Error: Elapsed time: 00:00:01
    Error: Total CPU time (on all processors): 00:00:01


