------------------------------------------------------------
TimeQuest Timing Analyzer Summary
------------------------------------------------------------

Type  : Slow Model Setup 'inst2|video_PLL_inst|altpll_component|pll|clk[0]'
Slack : 30.876
TNS   : 0.000

Type  : Slow Model Hold 'inst2|video_PLL_inst|altpll_component|pll|clk[0]'
Slack : -2.251
TNS   : -145.483

Type  : Slow Model Minimum Pulse Width 'CLOCK_50'
Slack : 10.000
TNS   : 0.000

Type  : Slow Model Minimum Pulse Width 'inst2|video_PLL_inst|altpll_component|pll|clk[0]'
Slack : 17.686
TNS   : 0.000

Type  : Fast Model Setup 'inst2|video_PLL_inst|altpll_component|pll|clk[0]'
Slack : 35.978
TNS   : 0.000

Type  : Fast Model Hold 'inst2|video_PLL_inst|altpll_component|pll|clk[0]'
Slack : -1.426
TNS   : -105.630

Type  : Fast Model Minimum Pulse Width 'CLOCK_50'
Slack : 10.000
TNS   : 0.000

Type  : Fast Model Minimum Pulse Width 'inst2|video_PLL_inst|altpll_component|pll|clk[0]'
Slack : 18.077
TNS   : 0.000

------------------------------------------------------------
