--------------------------------------------------------------------------------------
Timing Analyzer Summary
--------------------------------------------------------------------------------------

Type           : Worst-case tsu
Slack          : N/A
Required Time  : None
Actual Time    : 6.405 ns
From           : KEY[0]
To             : processamento:inst24|proc:inst19|l2[33]
From Clock     : --
To Clock       : CLOCK_50
Failed Paths   : 0

Type           : Worst-case tco
Slack          : N/A
Required Time  : None
Actual Time    : 5.859 ns
From           : VGA_SYNC:inst2|green_out
To             : VGA_G[3]
From Clock     : CLOCK_50
To Clock       : --
Failed Paths   : 0

Type           : Worst-case th
Slack          : N/A
Required Time  : None
Actual Time    : 2.975 ns
From           : SW[8]
To             : processamento:inst24|state_machine:inst|q2
From Clock     : --
To Clock       : SW[8]
Failed Paths   : 0

Type           : Clock Setup: 'VGA_SYNC:inst2|video_PLL:video_PLL_inst|altpll:altpll_component|_clk0'
Slack          : 30.775 ns
Required Time  : 25.00 MHz ( period = 40.000 ns )
Actual Time    : 108.40 MHz ( period = 9.225 ns )
From           : processamento:inst24|proc:inst20|m[3]
To             : VGA_SYNC:inst2|green_out
From Clock     : VGA_SYNC:inst2|video_PLL:video_PLL_inst|altpll:altpll_component|_clk0
To Clock       : VGA_SYNC:inst2|video_PLL:video_PLL_inst|altpll:altpll_component|_clk0
Failed Paths   : 0

Type           : Clock Hold: 'VGA_SYNC:inst2|video_PLL:video_PLL_inst|altpll:altpll_component|_clk0'
Slack          : -4.342 ns
Required Time  : 25.00 MHz ( period = 40.000 ns )
Actual Time    : N/A
From           : VGA_SYNC:inst2|pixel_row[5]
To             : rom_1:inst|altsyncram:altsyncram_component|altsyncram_jn81:auto_generated|address_reg_a[1]
From Clock     : VGA_SYNC:inst2|video_PLL:video_PLL_inst|altpll:altpll_component|_clk0
To Clock       : VGA_SYNC:inst2|video_PLL:video_PLL_inst|altpll:altpll_component|_clk0
Failed Paths   : 3039

Type           : Total number of failed paths
Slack          : 
Required Time  : 
Actual Time    : 
From           : 
To             : 
From Clock     : 
To Clock       : 
Failed Paths   : 3039

--------------------------------------------------------------------------------------

